Prelude is up to date
Compiling staticerrors/DataDupTycon4.hs
(5,6), (9,6): Duplicated type constructor "Int"
(9,6): Recursive type synonym "Int"
  Hint: Use "data" to write a recursive data type
Compilation failed with 2 errors
