Prelude is up to date
Compiling staticerrors/DataDupTycon3.hs
(6,11): The occurence of type constructor "Int" is ambiguous. It could refer to: 
	"Int" defined at (5,6)
	"Int" imported from module Prelude (originally defined in "LvmLang")
Compilation failed with 1 error
