Prelude is up to date
Compiling exports/ExportBasic2.hs
Compilation successful
Compiling exports/ExportBasic3.hs
Compilation successful
Compiling exports/ExportBasic6.hs
Compilation successful
Compiling exports/Export22.hs
(9,15): The occurence of variable "+" is ambiguous. It could refer to:
	"+" imported from module ExportBasic6 (originally defined in "ExportBasic6:(23,1)-(23,10)")
	"+" imported from module Prelude (originally defined in "PreludePrim")
(11,7): The occurence of type constructor "Bool" is ambiguous. It could refer to:
	"Bool" imported from module ExportBasic3 (originally defined in "ExportBasic3:(8,1)-(8,17)")
	"Bool" imported from module HeliumLang (originally defined in "LvmLang")
(12,6): The occurence of constructor "True" is ambiguous. It could refer to:
	"True" imported from module ExportBasic3 (originally defined in "ExportBasic3:(8,13)-(8,17)")
	"True" imported from module HeliumLang (originally defined in "LvmLang")
Compilation failed with 3 errors